Fg2rpDq5rbE4iDtsFaH6ZKc0UlQB97DT+eSRgSAjqmIPEGa5C3vyCzqNco4Krr9Z
ZCZANnwH9/CUugRbwUqehBx924D/+U7B3E9+VlilE/qUBj076pRaDF42DdJgSsNP
3Sp8kKJd7Ztxr8equTvSY0DYW/g2rsEdvJsxHnmCzPgEYhMKOYMSj+hbyCdsglJo
LSH+jvkMlnUOiaRUIo5WVZkXMVZtb3erw5S1r0IjkKc4+OmVbT1ubJDtq8K1H2l6
EbPF8B9Lqf41zO3wq7Fa4bHBPx3X4d0W/cGS15bRE9yD3o/b3f5dyhgxgH9wO+Av
