CKDxXkIBxBmm8zjUMipUR9wgsbHbAzQk6Mn2h0xEzrIQQ9IjDj+e1MZCts3Yi3Ef